════════════════════════════════════════════════════════════════════════════════
  Loading Spotify Dataset (vggish_embeddings.npz)
════════════════════════════════════════════════════════════════════════════════
  Corpus: (480000, 128) | Calib Q: (3000, 128) | Test Q: (3000, 128) | dim=128
  Cluster Sweep Params: K_SWEEP=[100, 200, 500]

Loading calibration ground truth and test ground truth from cache...

Loading HNSW index from custom_spotify_128d.index...

════════════════════════════════════════════════════════════════════════════════
  Shared Calibration for Our Arch (Individual Query Min-EF)
════════════════════════════════════════════════════════════════════════════════
  ... 1000/3000
  ... 2000/3000
  ... 3000/3000
  Done in 12.9s

════════════════════════════════════════════════════════════════════════════════
  ADA-EF: Exact Paper Offline Phase (Bucket-Average Probing)
════════════════════════════════════════════════════════════════════════════════
  Calculated WAE for Ada-ef: 94
  Ada-EF Offline Total: 7.7s

════════════════════════════════════════════════════════════════════════════════
  ONLINE EVALUATION  (Recall@10, target=0.95)
════════════════════════════════════════════════════════════════════════════════
  Vanilla(ef=50)... R=0.9598
  Vanilla(ef=100)... R=0.9700
  Vanilla(ef=200)... R=0.9745
  Vanilla(ef=400)... R=0.9766
  Ada-ef (exact)... R=0.9706

────────────────────────────────────────────────────────────────────────────────
  Cluster-Aware with K=100
────────────────────────────────────────────────────────────────────────────────
  [CACHE] Loading K-Means model and bins from kmeans_cache_k100_spotify.pkl...
  Running Online Evaluation (Mean)...
  R=0.9723
  Running Online Evaluation (P90)...
  R=0.9745
  Running Online Evaluation (P70)...
  R=0.9708

────────────────────────────────────────────────────────────────────────────────
  Cluster-Aware with K=200
────────────────────────────────────────────────────────────────────────────────
  [CACHE] Loading K-Means model and bins from kmeans_cache_k200_spotify.pkl...
  Running Online Evaluation (Mean)...
  R=0.9722
  Running Online Evaluation (P90)...
  R=0.9747
  Running Online Evaluation (P70)...
  R=0.9713

────────────────────────────────────────────────────────────────────────────────
  Cluster-Aware with K=500
────────────────────────────────────────────────────────────────────────────────
  [CACHE] Loading K-Means model and bins from kmeans_cache_k500_spotify.pkl...
  Running Online Evaluation (Mean)...
  R=0.9723
  Running Online Evaluation (P90)...
  R=0.9745
  Running Online Evaluation (P70)...
  R=0.9708

════════════════════════════════════════════════════════════════════════════════
  FINAL RESULTS ACROSS K VALUES (target recall = 0.95)
════════════════════════════════════════════════════════════════════════════════

Method                  Mean R    5th%    1st%  HNSW DC  +Probe   =Total    Time  Avg EF  >=tgt%
────────────────────────────────────────────────────────────────────────────────
Vanilla(ef=50)          0.9598  0.8000  0.7000     1096             1096   0.39s    50.0   69.1%
Vanilla(ef=100)         0.9700  0.9000  0.8000     2078             2078   0.64s   100.0   75.6%
Vanilla(ef=200)         0.9745  0.9000  0.8000     4046             4046   1.14s   200.0   78.9%
Vanilla(ef=400)         0.9766  0.9000  0.8000     7972             7972   1.81s   400.0   80.9%
Ada-ef (exact)          0.9706  0.9000  0.8000     2905    +200     3105   0.85s   142.1   75.9%
Ours (K=100, Mean)      0.9723  0.9000  0.8000     3171    +100     3271   1.46s   155.4   77.3%
Ours (K=100, P90)       0.9745  0.9000  0.8000     8712    +100     8812   2.32s   434.7   78.9%
Ours (K=100, P70)       0.9708  0.9000  0.8000     3018    +100     3118   1.32s   148.0   75.7%
Ours (K=200, Mean)      0.9722  0.9000  0.8000     3301    +200     3501   1.42s   161.9   77.2%
Ours (K=200, P90)       0.9747  0.9000  0.8000     8061    +200     8261   2.23s   402.4   79.0%
Ours (K=200, P70)       0.9713  0.9000  0.8000     3411    +200     3611   1.41s   168.0   76.2%
Ours (K=500, Mean)      0.9723  0.9000  0.8000     3330    +500     3830   1.48s   163.7   77.0%
Ours (K=500, P90)       0.9745  0.9000  0.8000     7308    +500     7808   2.19s   366.0   78.6%
Ours (K=500, P70)       0.9708  0.9000  0.8000     3372    +500     3872   1.48s   165.9   75.8%

Sweep Complete!
