════════════════════════════════════════════════════════════════════════════════
  Loading MS MARCO 8.8M Dataset
════════════════════════════════════════════════════════════════════════════════
════════════════════════════════════════════════════════════════════════════════
  Loading MS MARCO 8.8M Dataset
════════════════════════════════════════════════════════════════════════════════
  Corpus: (8841823, 384) | Train Q: (50000, 384) | Test Q: (6980, 384) | dim=384
  Cluster Sweep Params: K_SWEEP=[297, 500, 880]

Computing ground truth...
  Computing brute-force ground truth (200 queries x 8841823 corpus) ...
  Done in 23.5s
  Computing brute-force ground truth (6980 queries x 8841823 corpus) ...
  Done in 861.2s
  Done in 884.7s
Saving Ground Truth to ground_truth_paper_8.8M.npz...

Building HNSW index (~30 min)...

════════════════════════════════════════════════════════════════════════════════
  Shared Calibration: min ef for 200 queries (target=0.95)
════════════════════════════════════════════════════════════════════════════════
  Done in 0.2s

════════════════════════════════════════════════════════════════════════════════
  ADA-EF: Offline Phase
════════════════════════════════════════════════════════════════════════════════
  Ada-EF Offline Total: 5.4s

════════════════════════════════════════════════════════════════════════════════
  ONLINE EVALUATION  (Recall@10, target=0.95)
════════════════════════════════════════════════════════════════════════════════
  Vanilla(ef=50)... R=0.9489
  Vanilla(ef=100)... R=0.9689
  Vanilla(ef=200)... R=0.9792
  Vanilla(ef=400)... R=0.9866
  Ada-ef (fixed)... R=0.9141

────────────────────────────────────────────────────────────────────────────────
  Cluster-Aware with K=297
────────────────────────────────────────────────────────────────────────────────
  [COMPUTE] Running K-Means and computing bins for K=297...
  Saving K-Means model and bins to kmeans_cache_k297_8.8M.pkl...
  Running Online Evaluation...
  R=0.9678

────────────────────────────────────────────────────────────────────────────────
  Cluster-Aware with K=500
────────────────────────────────────────────────────────────────────────────────
  [COMPUTE] Running K-Means and computing bins for K=500...
  Saving K-Means model and bins to kmeans_cache_k500_8.8M.pkl...
  Running Online Evaluation...
  R=0.9710

────────────────────────────────────────────────────────────────────────────────
  Cluster-Aware with K=880
────────────────────────────────────────────────────────────────────────────────
  [COMPUTE] Running K-Means and computing bins for K=880...
  Saving K-Means model and bins to kmeans_cache_k880_8.8M.pkl...
  Running Online Evaluation...
  R=0.9690

════════════════════════════════════════════════════════════════════════════════
  FINAL RESULTS ACROSS K VALUES (target recall = 0.95)
════════════════════════════════════════════════════════════════════════════════

Method                  Mean R    5th%    1st%  HNSW DC  +Probe   =Total    Time  >=tgt%
────────────────────────────────────────────────────────────────────────────────
Vanilla(ef=50)          0.9489  0.7000  0.0000     1253             1253   3.33s   83.8%
Vanilla(ef=100)         0.9689  0.8000  0.2790     2250             2250   4.35s   88.5%
Vanilla(ef=200)         0.9792  0.9000  0.5000     4242             4242   7.57s   91.1%
Vanilla(ef=400)         0.9866  0.9000  0.7000     8251             8251  13.76s   93.2%
Ada-ef (fixed)          0.9141  0.4000  0.0000     2859    +200     3059   6.80s   74.9%
Ours (K=297)            0.9678  0.8000  0.5000     2903    +297     3200  17.06s   82.0%
Ours (K=500)            0.9710  0.8000  0.5000     3183    +500     3683   9.82s   83.8%
Ours (K=880)            0.9690  0.8000  0.5000     3103    +880     3983  14.38s   83.0%

Sweep Complete!
Saved structured results to cluster_sweep_results.json
════════════════════════════════════════════════════════════════════════════════
  Loading MS MARCO 8.8M Dataset
════════════════════════════════════════════════════════════════════════════════
  Corpus: (8841823, 384) | Train Q: (50000, 384) | Test Q: (6980, 384) | dim=384
  Cluster Sweep Params: K_SWEEP=[297, 500, 880]

Loading ground truth from cache...

Loading HNSW index from custom_8.8M.index...

════════════════════════════════════════════════════════════════════════════════
  Shared Calibration: min ef for 200 queries (target=0.95)
════════════════════════════════════════════════════════════════════════════════
  Done in 0.3s

════════════════════════════════════════════════════════════════════════════════
  ADA-EF: Offline Phase
════════════════════════════════════════════════════════════════════════════════
  Ada-EF Offline Total: 3.1s

════════════════════════════════════════════════════════════════════════════════
  ONLINE EVALUATION  (Recall@10, target=0.95)
════════════════════════════════════════════════════════════════════════════════
  Vanilla(ef=50)... R=0.9489
  Vanilla(ef=100)... R=0.9689
  Vanilla(ef=200)... R=0.9792
  Vanilla(ef=400)... R=0.9866
  Ada-ef (fixed)... R=0.9141

────────────────────────────────────────────────────────────────────────────────
  Cluster-Aware with K=297
────────────────────────────────────────────────────────────────────────────────
  [CACHE] Loading K-Means model and bins from kmeans_cache_k297_8.8M.pkl...
  Running Online Evaluation...
  R=0.9678

────────────────────────────────────────────────────────────────────────────────
  Cluster-Aware with K=500
────────────────────────────────────────────────────────────────────────────────
  [CACHE] Loading K-Means model and bins from kmeans_cache_k500_8.8M.pkl...
  Running Online Evaluation...
  R=0.9710

────────────────────────────────────────────────────────────────────────────────
  Cluster-Aware with K=880
────────────────────────────────────────────────────────────────────────────────
  [CACHE] Loading K-Means model and bins from kmeans_cache_k880_8.8M.pkl...
  Running Online Evaluation...
  R=0.9690

════════════════════════════════════════════════════════════════════════════════
  FINAL RESULTS ACROSS K VALUES (target recall = 0.95)
════════════════════════════════════════════════════════════════════════════════

Method                  Mean R    5th%    1st%  HNSW DC  +Probe   =Total    Time  >=tgt%   AvgEF
──────────────────────────────────────────────────────────────────────────────────────────
Vanilla(ef=50)          0.9489  0.7000  0.0000     1253             1253   2.56s   83.8%       -
Vanilla(ef=100)         0.9689  0.8000  0.2790     2250             2250   4.33s   88.5%       -
Vanilla(ef=200)         0.9792  0.9000  0.5000     4242             4242   7.44s   91.1%       -
Vanilla(ef=400)         0.9866  0.9000  0.7000     8251             8251  13.52s   93.2%       -
Ada-ef (fixed)          0.9141  0.4000  0.0000     2859    +200     3059   5.75s   74.9%   130.2
Ours (K=297)            0.9678  0.8000  0.5000     2903    +297     3200   7.64s   82.0%   118.1
Ours (K=500)            0.9710  0.8000  0.5000     3183    +500     3683   9.66s   83.8%   129.8
Ours (K=880)            0.9690  0.8000  0.5000     3103    +880     3983  11.90s   83.0%   127.1

Sweep Complete!
Saved structured results to cluster_sweep_results.json
════════════════════════════════════════════════════════════════════════════════
  Loading MS MARCO 8.8M Dataset
════════════════════════════════════════════════════════════════════════════════
  Corpus: (8841823, 384) | Train Q: (50000, 384) | Test Q: (6980, 384) | dim=384
  Cluster Sweep Params: K_SWEEP=[297, 500, 880]

Loading ground truth from cache...

Loading HNSW index from custom_8.8M.index...

════════════════════════════════════════════════════════════════════════════════
  Shared Calibration: min ef for 200 queries (target=0.95)
════════════════════════════════════════════════════════════════════════════════
  Done in 0.2s

════════════════════════════════════════════════════════════════════════════════
  ADA-EF: Offline Phase
════════════════════════════════════════════════════════════════════════════════
  Ada-EF Offline Total: 3.0s

════════════════════════════════════════════════════════════════════════════════
  ONLINE EVALUATION  (Recall@10, target=0.95)
════════════════════════════════════════════════════════════════════════════════
  Vanilla(ef=50)... R=0.9489
  Vanilla(ef=100)... R=0.9689
  Vanilla(ef=200)... R=0.9792
  Vanilla(ef=400)... R=0.9866
  Ada-ef (fixed)... R=0.9455

────────────────────────────────────────────────────────────────────────────────
  Cluster-Aware with K=297
────────────────────────────────────────────────────────────────────────────────
  [CACHE] Loading K-Means model from kmeans_cache_k297_8.8M.pkl...
  Computing cluster bins with extreme left-tail percentiles...
  Running Online Evaluation...
  R=0.9792

────────────────────────────────────────────────────────────────────────────────
  Cluster-Aware with K=500
────────────────────────────────────────────────────────────────────────────────
  [CACHE] Loading K-Means model from kmeans_cache_k500_8.8M.pkl...
  Computing cluster bins with extreme left-tail percentiles...
  Running Online Evaluation...
  R=0.9805

────────────────────────────────────────────────────────────────────────────────
  Cluster-Aware with K=880
────────────────────────────────────────────────────────────────────────────────
  [CACHE] Loading K-Means model from kmeans_cache_k880_8.8M.pkl...
  Computing cluster bins with extreme left-tail percentiles...
  Running Online Evaluation...
  R=0.9775

════════════════════════════════════════════════════════════════════════════════
  FINAL RESULTS ACROSS K VALUES (target recall = 0.95)
════════════════════════════════════════════════════════════════════════════════

Method                  Mean R    5th%    1st%  HNSW DC  +Probe   =Total    Time  >=tgt%   AvgEF
──────────────────────────────────────────────────────────────────────────────────────────
Vanilla(ef=50)          0.9489  0.7000  0.0000     1253             1253   2.37s   83.8%       -
Vanilla(ef=100)         0.9689  0.8000  0.2790     2250             2250   3.78s   88.5%       -
Vanilla(ef=200)         0.9792  0.9000  0.5000     4242             4242   7.54s   91.1%       -
Vanilla(ef=400)         0.9866  0.9000  0.7000     8251             8251  12.74s   93.2%       -
Ada-ef (fixed)          0.9455  0.7000  0.0000     3393    +200     3593   6.53s   82.2%   156.3
Ours (K=297)            0.9792  0.9000  0.7000     4620    +297     4917  14.70s   87.4%   198.3
Ours (K=500)            0.9805  0.9000  0.6790     5494    +500     5994  16.70s   88.4%   240.2
Ours (K=880)            0.9775  0.9000  0.6000     4272    +880     5152  16.61s   87.9%   179.8

Sweep Complete!
Saved structured results to cluster_sweep_results.json
════════════════════════════════════════════════════════════════════════════════
  Loading MS MARCO 8.8M Dataset
════════════════════════════════════════════════════════════════════════════════
  Corpus: (8841823, 384) | Train Q: (50000, 384) | Test Q: (6980, 384) | dim=384
  Cluster Sweep Params: K_SWEEP=[297, 500, 880]

Loading ground truth from cache...

Loading HNSW index from custom_8.8M.index...

════════════════════════════════════════════════════════════════════════════════
  Shared Calibration: min ef for 200 queries (target=0.95)
════════════════════════════════════════════════════════════════════════════════
  Done in 0.2s

════════════════════════════════════════════════════════════════════════════════
  ADA-EF: Offline Phase
════════════════════════════════════════════════════════════════════════════════
  Ada-EF Offline Total: 3.8s

════════════════════════════════════════════════════════════════════════════════
  ONLINE EVALUATION  (Recall@10, target=0.95)
════════════════════════════════════════════════════════════════════════════════
  Vanilla(ef=50)... R=0.9489
  Vanilla(ef=100)... R=0.9689
  Vanilla(ef=200)... R=0.9792
  Vanilla(ef=400)... R=0.9866
  Ada-ef (fixed)... R=0.9141

────────────────────────────────────────────────────────────────────────────────
  Cluster-Aware with K=297
────────────────────────────────────────────────────────────────────────────────
  [CACHE] Loading K-Means model from kmeans_cache_k297_8.8M.pkl...
  Computing cluster bins with macro-scale percentiles...
  Running Online Evaluation...
  R=0.9678

────────────────────────────────────────────────────────────────────────────────
  Cluster-Aware with K=500
────────────────────────────────────────────────────────────────────────────────
  [CACHE] Loading K-Means model from kmeans_cache_k500_8.8M.pkl...
  Computing cluster bins with macro-scale percentiles...
  Running Online Evaluation...
  R=0.9710

────────────────────────────────────────────────────────────────────────────────
  Cluster-Aware with K=880
────────────────────────────────────────────────────────────────────────────────
  [CACHE] Loading K-Means model from kmeans_cache_k880_8.8M.pkl...
  Computing cluster bins with macro-scale percentiles...
  Running Online Evaluation...
  R=0.9690

════════════════════════════════════════════════════════════════════════════════
  FINAL RESULTS ACROSS K VALUES (target recall = 0.95)
════════════════════════════════════════════════════════════════════════════════

Method                  Mean R    5th%    1st%  HNSW DC  +Probe   =Total    Time  >=tgt%   AvgEF
──────────────────────────────────────────────────────────────────────────────────────────
Vanilla(ef=50)          0.9489  0.7000  0.0000     1253             1253   2.42s   83.8%       -
Vanilla(ef=100)         0.9689  0.8000  0.2790     2250             2250   4.09s   88.5%       -
Vanilla(ef=200)         0.9792  0.9000  0.5000     4242             4242   7.56s   91.1%       -
Vanilla(ef=400)         0.9866  0.9000  0.7000     8251             8251  13.72s   93.2%       -
Ada-ef (fixed)          0.9141  0.4000  0.0000     2859    +200     3059   5.80s   74.9%   130.2
Ours (K=297)            0.9678  0.8000  0.5000     2903    +297     3200  12.40s   82.0%   118.1
Ours (K=500)            0.9710  0.8000  0.5000     3183    +500     3683  11.23s   83.8%   129.8
Ours (K=880)            0.9690  0.8000  0.5000     3103    +880     3983  16.62s   83.0%   127.1

Sweep Complete!
Saved structured results to cluster_sweep_results.json
════════════════════════════════════════════════════════════════════════════════
  Loading MS MARCO 8.8M Dataset
════════════════════════════════════════════════════════════════════════════════
  Corpus: (8841823, 384) | Train Q: (50000, 384) | Test Q: (6980, 384) | dim=384
  Cluster Sweep Params: K_SWEEP=[297, 500, 880]

Loading ground truth from cache...

Loading HNSW index from custom_8.8M.index...

════════════════════════════════════════════════════════════════════════════════
  Shared Calibration: min ef for 200 queries (target=0.95)
════════════════════════════════════════════════════════════════════════════════
  Done in 0.3s

════════════════════════════════════════════════════════════════════════════════
  ADA-EF: Offline Phase
════════════════════════════════════════════════════════════════════════════════
  Ada-EF Offline Total: 3.0s

════════════════════════════════════════════════════════════════════════════════
  ONLINE EVALUATION  (Recall@10, target=0.95)
════════════════════════════════════════════════════════════════════════════════
  Vanilla(ef=50)... R=0.9489
  Vanilla(ef=100)... R=0.9689
  Vanilla(ef=200)... R=0.9792
  Vanilla(ef=400)... R=0.9866
  Ada-ef (fixed)... R=0.9141

────────────────────────────────────────────────────────────────────────────────
  Cluster-Aware with K=297
────────────────────────────────────────────────────────────────────────────────
  [CACHE] Loading K-Means model from kmeans_cache_k297_8.8M.pkl...
  Computing cluster bins with macro-scale percentiles...
  Running Online Evaluation...
  R=0.9678

────────────────────────────────────────────────────────────────────────────────
  Cluster-Aware with K=500
────────────────────────────────────────────────────────────────────────────────
  [CACHE] Loading K-Means model from kmeans_cache_k500_8.8M.pkl...
  Computing cluster bins with macro-scale percentiles...
  Running Online Evaluation...
  R=0.9710

────────────────────────────────────────────────────────────────────────────────
  Cluster-Aware with K=880
────────────────────────────────────────────────────────────────────────────────
  [CACHE] Loading K-Means model from kmeans_cache_k880_8.8M.pkl...
  Computing cluster bins with macro-scale percentiles...
  Running Online Evaluation...
  R=0.9690

════════════════════════════════════════════════════════════════════════════════
  FINAL RESULTS ACROSS K VALUES (target recall = 0.95)
════════════════════════════════════════════════════════════════════════════════

Method                  Mean R    5th%    1st%  HNSW DC  +Probe   =Total    Time  >=tgt%   AvgEF
──────────────────────────────────────────────────────────────────────────────────────────
Vanilla(ef=50)          0.9489  0.7000  0.0000     1253             1253   3.22s   83.8%       -
Vanilla(ef=100)         0.9689  0.8000  0.2790     2250             2250   5.11s   88.5%       -
Vanilla(ef=200)         0.9792  0.9000  0.5000     4242             4242   8.50s   91.1%       -
Vanilla(ef=400)         0.9866  0.9000  0.7000     8251             8251  15.87s   93.2%       -
Ada-ef (fixed)          0.9141  0.4000  0.0000     2859    +200     3059   6.95s   74.9%   130.2
Ours (K=297)            0.9678  0.8000  0.5000     2903    +297     3200   8.75s   82.0%   118.1
Ours (K=500)            0.9710  0.8000  0.5000     3183    +500     3683  13.75s   83.8%   129.8
Ours (K=880)            0.9690  0.8000  0.5000     3103    +880     3983  11.60s   83.0%   127.1

Sweep Complete!
Saved structured results to cluster_sweep_results.json
════════════════════════════════════════════════════════════════════════════════
  Loading MS MARCO 8.8M Dataset
════════════════════════════════════════════════════════════════════════════════
  Corpus: (8841823, 384) | Train Q: (50000, 384) | Test Q: (6980, 384) | dim=384
  Cluster Sweep Params: K_SWEEP=[297, 500, 880]

Loading ground truth from cache...

Loading HNSW index from custom_8.8M.index...

════════════════════════════════════════════════════════════════════════════════
  Shared Calibration: min ef for 200 queries (target=0.99)
════════════════════════════════════════════════════════════════════════════════
  Done in 0.3s

════════════════════════════════════════════════════════════════════════════════
  ADA-EF: Offline Phase
════════════════════════════════════════════════════════════════════════════════
  Ada-EF Offline Total: 3.4s

════════════════════════════════════════════════════════════════════════════════
  ONLINE EVALUATION  (Recall@10, target=0.99)
════════════════════════════════════════════════════════════════════════════════
  Vanilla(ef=50)... R=0.9489
  Vanilla(ef=100)... R=0.9689
  Vanilla(ef=200)... R=0.9792
  Vanilla(ef=400)... R=0.9866
  Ada-ef (fixed)... R=0.9141

────────────────────────────────────────────────────────────────────────────────
  Cluster-Aware with K=297
────────────────────────────────────────────────────────────────────────────────
  [CACHE] Loading K-Means model from kmeans_cache_k297_8.8M.pkl...
  Computing cluster bins with macro-scale percentiles...
  Running Online Evaluation...
  R=0.9678

────────────────────────────────────────────────────────────────────────────────
  Cluster-Aware with K=500
────────────────────────────────────────────────────────────────────────────────
  [CACHE] Loading K-Means model from kmeans_cache_k500_8.8M.pkl...
  Computing cluster bins with macro-scale percentiles...
  Running Online Evaluation...
  R=0.9710

────────────────────────────────────────────────────────────────────────────────
  Cluster-Aware with K=880
────────────────────────────────────────────────────────────────────────────────
  [CACHE] Loading K-Means model from kmeans_cache_k880_8.8M.pkl...
  Computing cluster bins with macro-scale percentiles...
  Running Online Evaluation...
  R=0.9690

════════════════════════════════════════════════════════════════════════════════
  FINAL RESULTS ACROSS K VALUES (target recall = 0.99)
════════════════════════════════════════════════════════════════════════════════

Method                  Mean R    5th%    1st%  HNSW DC  +Probe   =Total    Time  >=tgt%   AvgEF
──────────────────────────────────────────────────────────────────────────────────────────
Vanilla(ef=50)          0.9489  0.7000  0.0000     1253             1253   2.40s   83.8%       -
Vanilla(ef=100)         0.9689  0.8000  0.2790     2250             2250   4.05s   88.5%       -
Vanilla(ef=200)         0.9792  0.9000  0.5000     4242             4242   6.97s   91.1%       -
Vanilla(ef=400)         0.9866  0.9000  0.7000     8251             8251  12.67s   93.2%       -
Ada-ef (fixed)          0.9141  0.4000  0.0000     2859    +200     3059   5.50s   74.9%   130.2
Ours (K=297)            0.9678  0.8000  0.5000     2903    +297     3200  10.00s   82.0%   118.1
Ours (K=500)            0.9710  0.8000  0.5000     3183    +500     3683  10.18s   83.8%   129.8
Ours (K=880)            0.9690  0.8000  0.5000     3103    +880     3983  12.58s   83.0%   127.1

Sweep Complete!
Saved structured results to cluster_sweep_results.json
