════════════════════════════════════════════════════════════════════════════════
  Loading GloVe 100d Dataset (Normalized for L2)
════════════════════════════════════════════════════════════════════════════════
  Normalizing vectors for angular distance approximation...
  Corpus: (1183514, 100) | Train Q: (350000, 100) | Test Q: (10000, 100) | dim=100
  Cluster Sweep Params: K_SWEEP=[50, 100, 200]

Computing ground truth (topk=100)...
  Computing brute-force ground truth (2000 queries x 1183514 corpus) ...
  Done in 24.9s
  Computing brute-force ground truth (10000 queries x 1183514 corpus) ...
  Done in 102.7s
  Done in 127.7s
Saving Ground Truth to glove_ground_truth_2000kq.npz...

Loading HNSW index from glove_1M.index...

════════════════════════════════════════════════════════════════════════════════
  Shared Calibration for Our Arch (Individual Query Min-EF)
════════════════════════════════════════════════════════════════════════════════
  ... calibrated 500 queries
  ... calibrated 1000 queries
  ... calibrated 1500 queries
  ... calibrated 2000 queries
  Done in 84.7s

════════════════════════════════════════════════════════════════════════════════
  ADA-EF: Exact Paper Offline Phase (Bucket-Average Probing)
════════════════════════════════════════════════════════════════════════════════
  Calculated WAE for Ada-ef: 4000
  Ada-EF Offline Total: 106.2s

════════════════════════════════════════════════════════════════════════════════
  ONLINE EVALUATION  (Recall@100, target=0.95)
════════════════════════════════════════════════════════════════════════════════
  Vanilla(ef=50)... R=0.2368
  Vanilla(ef=100)... R=0.2368
  Vanilla(ef=200)... R=0.3402
  Vanilla(ef=400)... R=0.4612
  Ada-ef (exact)... R=0.8748

────────────────────────────────────────────────────────────────────────────────
  Cluster-Aware with K=50
────────────────────────────────────────────────────────────────────────────────
  [COMPUTE] Running K-Means and computing bins for K=50...
  Saving K-Means model and bins to kmeans_cache_k50_glove.pkl...
  Running Online Evaluation (Mean)...
  R=0.8718
  Running Online Evaluation (P90)...
  R=0.8748
  Running Online Evaluation (P70)...
  R=0.8748

────────────────────────────────────────────────────────────────────────────────
  Cluster-Aware with K=100
────────────────────────────────────────────────────────────────────────────────
  [COMPUTE] Running K-Means and computing bins for K=100...
  Saving K-Means model and bins to kmeans_cache_k100_glove.pkl...
  Running Online Evaluation (Mean)...
  R=0.8717
  Running Online Evaluation (P90)...
  R=0.8748
  Running Online Evaluation (P70)...
  R=0.8748

────────────────────────────────────────────────────────────────────────────────
  Cluster-Aware with K=200
────────────────────────────────────────────────────────────────────────────────
  [COMPUTE] Running K-Means and computing bins for K=200...
  Saving K-Means model and bins to kmeans_cache_k200_glove.pkl...
  Running Online Evaluation (Mean)...
  R=0.8717
  Running Online Evaluation (P90)...
  R=0.8748
  Running Online Evaluation (P70)...
  R=0.8748

════════════════════════════════════════════════════════════════════════════════
  FINAL RESULTS ACROSS K VALUES (target recall = 0.95)
════════════════════════════════════════════════════════════════════════════════

Method                  Mean R    5th%    1st%  HNSW DC  +Probe   =Total    Time  Avg EF  >=tgt%
────────────────────────────────────────────────────────────────────────────────
Vanilla(ef=50)          0.2368  0.0600  0.0300     3096             3096   4.83s    50.0    0.0%
Vanilla(ef=100)         0.2368  0.0600  0.0300     3096             3096   4.06s   100.0    0.0%
Vanilla(ef=200)         0.3402  0.1400  0.0900     5619             5619   6.77s   200.0    0.1%
Vanilla(ef=400)         0.4612  0.2600  0.2000    10449            10449  12.13s   400.0    0.2%
Ada-ef (exact)          0.8748  0.7800  0.7400    96860    +200    97060  98.30s  4000.0   10.3%
Ours (K=50, Mean)       0.8718  0.7800  0.7400    94664     +50    94714 115.38s  3908.7    9.5%
Ours (K=50, P90)        0.8748  0.7800  0.7400    96858     +50    96908 103.46s  3999.9   10.3%
Ours (K=50, P70)        0.8748  0.7800  0.7400    96854     +50    96904 103.32s  3999.8   10.3%
Ours (K=100, Mean)      0.8717  0.7800  0.7400    94648    +100    94748 113.83s  3908.1    9.5%
Ours (K=100, P90)       0.8748  0.7800  0.7400    96860    +100    96960 103.22s  4000.0   10.3%
Ours (K=100, P70)       0.8748  0.7800  0.7400    96860    +100    96960 101.64s  4000.0   10.3%
Ours (K=200, Mean)      0.8717  0.7800  0.7400    94647    +200    94847 174.56s  3908.0    9.5%
Ours (K=200, P90)       0.8748  0.7800  0.7400    96860    +200    97060  82.28s  4000.0   10.3%
Ours (K=200, P70)       0.8748  0.7800  0.7400    96860    +200    97060  82.00s  4000.0   10.3%

Sweep Complete!
