════════════════════════════════════════════════════════════════════════════════
  Loading MS MARCO 8.8M Dataset
════════════════════════════════════════════════════════════════════════════════
  Corpus: (8841823, 384) | Train Q: (50000, 384) | Test Q: (6980, 384) | dim=384
  Cluster Sweep Params: K_SWEEP=[297, 500, 880]

Loading 10k calibration ground truth and test ground truth from cache...

Loading HNSW index from custom_8.8M.index...

════════════════════════════════════════════════════════════════════════════════
  Shared Calibration for Our Arch (Individual Query Min-EF)
════════════════════════════════════════════════════════════════════════════════
  ... calibrated 1000 queries
  ... calibrated 2000 queries
  ... calibrated 3000 queries
  ... calibrated 4000 queries
  ... calibrated 5000 queries
  ... calibrated 6000 queries
  ... calibrated 7000 queries
  ... calibrated 8000 queries
  ... calibrated 9000 queries
  ... calibrated 10000 queries
  Done in 1014.5s

════════════════════════════════════════════════════════════════════════════════
  ADA-EF: Exact Paper Offline Phase (Bucket-Average Probing)
════════════════════════════════════════════════════════════════════════════════
  Calculated WAE for Ada-ef: 794
  Ada-EF Offline Total: 927.2s

════════════════════════════════════════════════════════════════════════════════
  ONLINE EVALUATION  (Recall@100, target=0.99)
════════════════════════════════════════════════════════════════════════════════
  Vanilla(ef=200)... R=0.9646
  Vanilla(ef=400)... R=0.9802
  Vanilla(ef=600)... R=0.9854
  Vanilla(ef=800)... R=0.9880
  Vanilla(ef=1000)... R=0.9895
  Vanilla(ef=1200)... R=0.9910
  Ada-ef (exact)... R=0.9889

────────────────────────────────────────────────────────────────────────────────
  Cluster-Aware with K=297
────────────────────────────────────────────────────────────────────────────────
  [CACHE] Loading K-Means model and bins from kmeans_cache_k297_8.8M.pkl...
  Running Online Evaluation (Mean)...
  R=0.9886

────────────────────────────────────────────────────────────────────────────────
  Cluster-Aware with K=500
────────────────────────────────────────────────────────────────────────────────
  [CACHE] Loading K-Means model and bins from kmeans_cache_k500_8.8M.pkl...
  Running Online Evaluation (Mean)...
  R=0.9886

────────────────────────────────────────────────────────────────────────────────
  Cluster-Aware with K=880
────────────────────────────────────────────────────────────────────────────────
  [CACHE] Loading K-Means model and bins from kmeans_cache_k880_8.8M.pkl...
  Running Online Evaluation (Mean)...
  R=0.9884

════════════════════════════════════════════════════════════════════════════════
  FINAL RESULTS ACROSS K VALUES (target recall = 0.99)
════════════════════════════════════════════════════════════════════════════════

Method                  Mean R    5th%    1st%  HNSW DC  +Probe   =Total    Time  Avg EF  >=tgt%
────────────────────────────────────────────────────────────────────────────────
Vanilla(ef=200)         0.9646  0.8400  0.6200     4242             4242  13.59s   200.0   61.4%
Vanilla(ef=400)         0.9802  0.9000  0.7700     8251             8251  17.98s   400.0   73.4%
Vanilla(ef=600)         0.9854  0.9300  0.8100    12271            12271  27.48s   600.0   78.3%
Vanilla(ef=800)         0.9880  0.9400  0.8500    16299            16299  35.41s   800.0   81.0%
Vanilla(ef=1000)        0.9895  0.9500  0.8700    20330            20330  41.28s  1000.0   82.7%
Vanilla(ef=1200)        0.9910  0.9500  0.8900    24367            24367  45.30s  1200.0   84.2%
Ada-ef (exact)          0.9889  0.9500  0.8600    19163    +200    19363  36.36s   942.7   81.9%
Ours (K=297, Mean)      0.9886  0.9500  0.8900    13533    +297    13830  37.42s   552.8   78.7%
Ours (K=500, Mean)      0.9886  0.9500  0.8800    13601    +500    14101  37.98s   557.9   79.1%
Ours (K=880, Mean)      0.9884  0.9500  0.8800    13350    +880    14230  36.97s   549.9   78.7%

Sweep Complete!
